 ```bash
   git status
   ```
